EN regf NULL C:/Users/Davinson/Dropbox/Documentos/UTP/arquitectura/ProcesdrsArqitecra/Procesador1/RegF.vhd sub00/vhpl12 1524167752
AR muplx behavioral C:/Users/Davinson/Downloads/Procesador1-master/MuPlx.vhd sub00/vhpl15 1524167755
EN undext NULL C:/Users/Davinson/Downloads/Procesador1-master/UndExt.vhd sub00/vhpl16 1524167756
AR undext behavioral C:/Users/Davinson/Downloads/Procesador1-master/UndExt.vhd sub00/vhpl17 1524167757
AR npc behavioral C:/Users/Davinson/Downloads/Procesador1-master/nPc.vhd sub00/vhpl03 1524167745
AR instructionmemory behavioral C:/Users/Davinson/Dropbox/Documentos/UTP/arquitectura/ProcesdrsArqitecra/Procesador1/InstructionMemory.vhd sub00/vhpl07 1524167749
AR sumador behavioral C:/Users/Davinson/Downloads/Procesador1-master/Sumador.vhd sub00/vhpl01 1524167743
EN pc NULL C:/Users/Davinson/Downloads/Procesador1-master/Pc.vhd sub00/vhpl04 1524167746
AR unicntrl behavioral C:/Users/Davinson/Downloads/Procesador1-master/UniCntrl.vhd sub00/vhpl11 1524167751
EN procesador1 NULL C:/Users/Davinson/Downloads/Procesador1-master/Procesador1.vhd sub00/vhpl08 1524167760
EN instructionmemory NULL C:/Users/Davinson/Dropbox/Documentos/UTP/arquitectura/ProcesdrsArqitecra/Procesador1/InstructionMemory.vhd sub00/vhpl06 1524167748
EN npc NULL C:/Users/Davinson/Downloads/Procesador1-master/nPc.vhd sub00/vhpl02 1524167744
EN muplx NULL C:/Users/Davinson/Downloads/Procesador1-master/MuPlx.vhd sub00/vhpl14 1524167754
EN unicntrl NULL C:/Users/Davinson/Downloads/Procesador1-master/UniCntrl.vhd sub00/vhpl10 1524167750
AR alu behavioral C:/Users/Davinson/Downloads/Procesador1-master/Alu.vhd sub00/vhpl19 1524167759
AR regf behavioral C:/Users/Davinson/Dropbox/Documentos/UTP/arquitectura/ProcesdrsArqitecra/Procesador1/RegF.vhd sub00/vhpl13 1524167753
AR pc behavioral C:/Users/Davinson/Downloads/Procesador1-master/Pc.vhd sub00/vhpl05 1524167747
EN sumador NULL C:/Users/Davinson/Downloads/Procesador1-master/Sumador.vhd sub00/vhpl00 1524167742
AR procesador1 behavioral C:/Users/Davinson/Downloads/Procesador1-master/Procesador1.vhd sub00/vhpl09 1524167761
EN alu NULL C:/Users/Davinson/Downloads/Procesador1-master/Alu.vhd sub00/vhpl18 1524167758
