V3 39
FL C:/Users/Davinson/Downloads/Procesador1-master/Alu.vhd 2018/04/09.13:27:00 P.20131013
EN work/Alu 1524167758 FL C:/Users/Davinson/Downloads/Procesador1-master/Alu.vhd \
      PB ieee/std_logic_1164 1381692176 PB ieee/NUMERIC_STD 1381692181 \
      PB ieee/STD_LOGIC_UNSIGNED 1381692179
AR work/Alu/Behavioral 1524167759 \
      FL C:/Users/Davinson/Downloads/Procesador1-master/Alu.vhd EN work/Alu 1524167758
FL C:/Users/Davinson/Downloads/Procesador1-master/MuPlx.vhd 2018/04/16.19:09:50 P.20131013
EN work/MuPlx 1524167754 \
      FL C:/Users/Davinson/Downloads/Procesador1-master/MuPlx.vhd \
      PB ieee/std_logic_1164 1381692176
AR work/MuPlx/Behavioral 1524167755 \
      FL C:/Users/Davinson/Downloads/Procesador1-master/MuPlx.vhd EN work/MuPlx 1524167754
FL C:/Users/Davinson/Downloads/Procesador1-master/nPc.vhd 2018/04/19.13:22:54 P.20131013
EN work/nPc 1524167744 FL C:/Users/Davinson/Downloads/Procesador1-master/nPc.vhd \
      PB ieee/std_logic_1164 1381692176
AR work/nPc/Behavioral 1524167745 \
      FL C:/Users/Davinson/Downloads/Procesador1-master/nPc.vhd EN work/nPc 1524167744
FL C:/Users/Davinson/Downloads/Procesador1-master/Pc.vhd 2018/04/19.13:22:59 P.20131013
EN work/Pc 1524167746 FL C:/Users/Davinson/Downloads/Procesador1-master/Pc.vhd \
      PB ieee/std_logic_1164 1381692176
AR work/Pc/Behavioral 1524167747 \
      FL C:/Users/Davinson/Downloads/Procesador1-master/Pc.vhd EN work/Pc 1524167746
FL C:/Users/Davinson/Downloads/Procesador1-master/Procesador1.vhd 2018/04/19.14:54:32 P.20131013
EN work/Procesador1 1524167760 \
      FL C:/Users/Davinson/Downloads/Procesador1-master/Procesador1.vhd \
      PB ieee/std_logic_1164 1381692176
AR work/Procesador1/Behavioral 1524167761 \
      FL C:/Users/Davinson/Downloads/Procesador1-master/Procesador1.vhd \
      EN work/Procesador1 1524167760 CP Sumador CP nPc CP Pc CP InstructionMemory \
      CP UniCntrl CP RegF CP MuPlx CP UndExt CP Alu
FL C:/Users/Davinson/Downloads/Procesador1-master/Sumador.vhd 2018/04/09.13:27:00 P.20131013
EN work/Sumador 1524167742 \
      FL C:/Users/Davinson/Downloads/Procesador1-master/Sumador.vhd \
      PB ieee/std_logic_1164 1381692176 PB ieee/NUMERIC_STD 1381692181 \
      PB ieee/STD_LOGIC_UNSIGNED 1381692179
AR work/Sumador/Behavioral 1524167743 \
      FL C:/Users/Davinson/Downloads/Procesador1-master/Sumador.vhd \
      EN work/Sumador 1524167742
FL C:/Users/Davinson/Downloads/Procesador1-master/UndExt.vhd 2018/04/16.19:34:24 P.20131013
EN work/UndExt 1524167756 \
      FL C:/Users/Davinson/Downloads/Procesador1-master/UndExt.vhd \
      PB ieee/std_logic_1164 1381692176
AR work/UndExt/Behavioral 1524167757 \
      FL C:/Users/Davinson/Downloads/Procesador1-master/UndExt.vhd EN work/UndExt 1524167756
FL C:/Users/Davinson/Downloads/Procesador1-master/UniCntrl.vhd 2018/04/09.13:27:00 P.20131013
EN work/UniCntrl 1524167750 \
      FL C:/Users/Davinson/Downloads/Procesador1-master/UniCntrl.vhd \
      PB ieee/std_logic_1164 1381692176
AR work/UniCntrl/Behavioral 1524167751 \
      FL C:/Users/Davinson/Downloads/Procesador1-master/UniCntrl.vhd \
      EN work/UniCntrl 1524167750
FL C:/Users/Davinson/Dropbox/Documentos/UTP/arquitectura/ProcesdrsArqitecra/Procesador1/InstructionMemory.vhd 2018/04/09.13:27:00 P.20131013
EN work/InstructionMemory 1524167748 \
      FL C:/Users/Davinson/Dropbox/Documentos/UTP/arquitectura/ProcesdrsArqitecra/Procesador1/InstructionMemory.vhd \
      PB ieee/std_logic_1164 1381692176 PB ieee/STD_LOGIC_UNSIGNED 1381692179 \
      PB std/TEXTIO 1381692176
AR work/instructionMemory/Behavioral 1524167749 \
      FL C:/Users/Davinson/Dropbox/Documentos/UTP/arquitectura/ProcesdrsArqitecra/Procesador1/InstructionMemory.vhd \
      EN work/InstructionMemory 1524167748
FL C:/Users/Davinson/Dropbox/Documentos/UTP/arquitectura/ProcesdrsArqitecra/Procesador1/RegF.vhd 2018/04/10.19:19:21 P.20131013
EN work/RegF 1524167752 \
      FL C:/Users/Davinson/Dropbox/Documentos/UTP/arquitectura/ProcesdrsArqitecra/Procesador1/RegF.vhd \
      PB ieee/std_logic_1164 1381692176 PB ieee/STD_LOGIC_UNSIGNED 1381692179
AR work/RegF/Behavioral 1524167753 \
      FL C:/Users/Davinson/Dropbox/Documentos/UTP/arquitectura/ProcesdrsArqitecra/Procesador1/RegF.vhd \
      EN work/RegF 1524167752
